Information: Using automatic max wire load selection group 'WireAreaForZero'. (ENV-003)
Information: Using automatic min wire load selection group 'WireAreaForZero'. (ENV-003)
****************************************
Report : constraint
	-all_violators
	-path slack_only
	-max_delay
Design : usb_phy
Version: K-2015.06-SP3-1
Date   : Wed Mar 13 19:07:18 2019
****************************************


   max_delay/setup ('clk' group)

   Endpoint                                                  Slack
   -----------------------------------------------------------------
   i_tx_phy_sd_bs_o_reg/D                                 -0.059957 (VIOLATED)
   i_rx_phy_sd_nrzi_reg/D                                 -0.048646 (VIOLATED)
   i_tx_phy_one_cnt_reg_0_/D                              -0.048487 (VIOLATED)
   i_tx_phy_one_cnt_reg_1_/D                              -0.038738 (VIOLATED)
   i_tx_phy_state_reg_1_/D                                -0.033871 (VIOLATED)
   i_tx_phy_bit_cnt_reg_0_/D                              -0.033698 (VIOLATED)
   i_rx_phy_sync_err_reg/D                                -0.031618 (VIOLATED)
   i_tx_phy_state_reg_2_/D                                -0.026546 (VIOLATED)
   rst_cnt_reg_4_/D                                       -0.022186 (VIOLATED)
   i_tx_phy_append_eop_sync3_reg/D                        -0.018823 (VIOLATED)
   i_tx_phy_sd_raw_o_reg/D                                -0.017756 (VIOLATED)
   i_rx_phy_shift_en_reg/D                                -0.016183 (VIOLATED)
   i_rx_phy_rx_valid1_reg/D                               -0.014733 (VIOLATED)
   rst_cnt_reg_2_/D                                       -0.013496 (VIOLATED)
   i_tx_phy_sd_nrzi_o_reg/D                               -0.013057 (VIOLATED)
   i_rx_phy_hold_reg_reg_7_/D                             -0.012553 (VIOLATED)
   i_tx_phy_state_reg_0_/D                                -0.012098 (VIOLATED)
   i_rx_phy_dpll_state_reg_0_/D                           -0.008617 (VIOLATED)
   i_rx_phy_byte_err_reg/D                                -0.008231 (VIOLATED)
   i_rx_phy_bit_cnt_reg_2_/D                              -0.007485 (VIOLATED)
   i_rx_phy_hold_reg_reg_5_/D                             -0.005109 (VIOLATED)
   i_rx_phy_hold_reg_reg_2_/D                             -0.005048 (VIOLATED)
   i_tx_phy_bit_cnt_reg_1_/D                              -0.004658 (VIOLATED)
   i_tx_phy_append_eop_sync1_reg/D                        -0.003562 (VIOLATED)
   i_tx_phy_append_eop_sync4_reg/D                        -0.003542 (VIOLATED)
   i_tx_phy_txoe_r2_reg/D                                 -0.003539 (VIOLATED)
   i_tx_phy_txoe_r1_reg/D                                 -0.003446 (VIOLATED)
   i_rx_phy_fs_state_reg_1_/D                             -0.003425 (VIOLATED)
   i_rx_phy_hold_reg_reg_3_/D                             -0.003076 (VIOLATED)
   i_rx_phy_hold_reg_reg_0_/D                             -0.003004 (VIOLATED)
   rst_cnt_reg_3_/D                                       -0.002891 (VIOLATED)
   i_rx_phy_hold_reg_reg_1_/D                             -0.001638 (VIOLATED)
   i_rx_phy_bit_cnt_reg_0_/D                              -0.001463 (VIOLATED)
   i_rx_phy_one_cnt_reg_2_/D                              -0.001393 (VIOLATED)
   rst_cnt_reg_0_/D                                       -0.001284 (VIOLATED)
   i_rx_phy_hold_reg_reg_6_/D                             -0.001104 (VIOLATED)
   i_tx_phy_one_cnt_reg_2_/D                              -0.000956 (VIOLATED)
   i_tx_phy_txoe_reg/D                                    -0.000902 (VIOLATED)
   i_rx_phy_hold_reg_reg_4_/D                             -0.000143 (VIOLATED)


1
