****************************************
Report : bottleneck
	-cost_type path_count
	-from ...
	-max_cells 20
	-nworst_paths 100
Design : usb_phy
Version: K-2015.06-SP3-1
Date   : Sun Mar 10 20:18:22 2019
****************************************

Bottleneck Cost = Number of violating paths through cell

                                                 Bottleneck
Cell                              Reference      Cost
--------------------------------------------------------------------------------
i_rx_phy_fs_ce_reg                ff00f06        27.000000
U432                              in01f08        15.000000
U482                              na02f03        10.000000
U636                              in01f03        8.000000
U457                              na02f03        8.000000
U417                              oa21f03        8.000000
U445                              na02f03        6.000000
U650                              bf01m03        6.000000
U573                              or02s01        6.000000
U345                              in01s01        6.000000
U610                              in01m03        5.000000
U450                              na02f03        4.000000
U412                              na02f03        4.000000
U343                              oa21s02        4.000000
i_tx_phy_sft_done_r_reg           ff00m02        3.000000
U474                              na02f03        3.000000
U574                              in01m02        3.000000
U581                              na02s03        3.000000
U611                              in01m08        3.000000
U458                              na02f03        3.000000

1
