****************************************
Report : constraint
	-all_violators
	-path slack_only
	-max_delay
Design : usb_phy
Version: K-2015.06-SP3-1
Date   : Thu Mar 14 00:52:44 2019
****************************************


   max_delay/setup ('clk' group)

   Endpoint                                                  Slack
   -----------------------------------------------------------------
   i_rx_phy_sd_nrzi_reg/D                                     -3.4  (VIOLATED)
   i_tx_phy_sd_raw_o_reg/D                                    -1.7  (VIOLATED)
   i_rx_phy_fs_state_reg_2_/D                                 -1.7  (VIOLATED)
   i_rx_phy_sync_err_reg/D                                    -1.7  (VIOLATED)
   i_tx_phy_sd_nrzi_o_reg/D                                   -1.6  (VIOLATED)
   i_rx_phy_shift_en_reg/D                                    -1.6  (VIOLATED)
   usb_rst_reg/D                                              -1.4  (VIOLATED)
   i_tx_phy_append_eop_sync3_reg/D                            -1.4  (VIOLATED)
   i_tx_phy_sft_done_reg/D                                    -1.4  (VIOLATED)
   i_tx_phy_one_cnt_reg_0_/D                                  -0.3  (VIOLATED)
   i_tx_phy_one_cnt_reg_1_/D                                  -0.2  (VIOLATED)
   i_tx_phy_state_reg_0_/D                                    -0.1  (VIOLATED)
   i_tx_phy_state_reg_1_/D                                    -0.1  (VIOLATED)
   i_tx_phy_state_reg_2_/D                                    -0.1  (VIOLATED)
   i_tx_phy_bit_cnt_reg_0_/D                                  -0.1  (VIOLATED)
   i_tx_phy_bit_cnt_reg_1_/D                                  -0.1  (VIOLATED)
   i_tx_phy_TxReady_o_reg/D                                    0.0  (VIOLATED: increase significant digits)


1
