****************************************
Report : constraint
	-all_violators
	-path slack_only
	-max_delay
Design : usb_phy
Version: K-2015.06-SP3-1
Date   : Thu Mar 14 00:52:44 2019
****************************************


   max_delay/setup ('clk' group)

   Endpoint                                                  Slack
   -----------------------------------------------------------------
   i_rx_phy_sd_nrzi_reg/D                                 -3.388866 (VIOLATED)
   i_tx_phy_sd_raw_o_reg/D                                -1.748250 (VIOLATED)
   i_rx_phy_fs_state_reg_2_/D                             -1.674626 (VIOLATED)
   i_rx_phy_sync_err_reg/D                                -1.671483 (VIOLATED)
   i_tx_phy_sd_nrzi_o_reg/D                               -1.613155 (VIOLATED)
   i_rx_phy_shift_en_reg/D                                -1.607488 (VIOLATED)
   usb_rst_reg/D                                          -1.442042 (VIOLATED)
   i_tx_phy_sft_done_reg/D                                -1.405039 (VIOLATED)
   i_tx_phy_append_eop_sync3_reg/D                        -1.395411 (VIOLATED)
   i_tx_phy_one_cnt_reg_0_/D                              -0.272218 (VIOLATED)
   i_tx_phy_one_cnt_reg_1_/D                              -0.229359 (VIOLATED)
   i_tx_phy_state_reg_0_/D                                -0.113669 (VIOLATED)
   i_tx_phy_bit_cnt_reg_0_/D                              -0.068375 (VIOLATED)
   i_tx_phy_state_reg_1_/D                                -0.055724 (VIOLATED)
   i_tx_phy_bit_cnt_reg_1_/D                              -0.055192 (VIOLATED)
   i_tx_phy_state_reg_2_/D                                -0.049619 (VIOLATED)


1
